Microsoft Windows [Version 10.0.18362.592]
(c) 2019 Microsoft Corporation. All rights reserved.

C:\Users\jshaw>cd ..

C:\Users>cd..

C:\>cd C:\\source\codeworks\day-1

C:\source\codeworks\day-1>git remote add origin https://github.com/jshaworth1961/day1-JSHspring2020.git
fatal: not a git repository (or any of the parent directories): .git

C:\source\codeworks\day-1>git remote add origin https://github.com/jshaworth1961/day1-JSHspring2020.gitgit push -u origin master
fatal: not a git repository (or any of the parent directories): .git

C:\source\codeworks\day-1>git init
Initialized empty Git repository in C:/source/codeworks/day-1/.git/

C:\source\codeworks\day-1>git remote add origin https://github.com/jshaworth1961/day1-JSHspring2020.gitgit push -u origin master
error: unknown switch `u'
usage: git remote add [<options>] <name> <url>

    -f, --fetch           fetch the remote branches
    --tags                import all tags and associated objects when fetching
                          or do not fetch any tag at all (--no-tags)
    -t, --track <branch>  branch(es) to track
    -m, --master <branch>
                          master branch
    --mirror[=(push|fetch)]
                          set up remote as a mirror to push to or fetch from


C:\source\codeworks\day-1>git remote add origin https://github.com/jshaworth1961/day1-JSHspring2020.git

C:\source\codeworks\day-1>git status
On branch master

No commits yet

Untracked files:
  (use "git add <file>..." to include in what will be committed)
        .vscode/
        index.html
        style.css

nothing added to commit but untracked files present (use "git add" to track)

C:\source\codeworks\day-1>git add*
git: 'add*' is not a git command. See 'git --help'.

The most similar command is
        add

C:\source\codeworks\day-1>git add *
warning: LF will be replaced by CRLF in .vscode/settings.json.
The file will have its original line endings in your working directory

C:\source\codeworks\day-1>git status
On branch master

No commits yet

Changes to be committed:
  (use "git rm --cached <file>..." to unstage)
        new file:   .vscode/settings.json
        new file:   index.html
        new file:   style.css


C:\source\codeworks\day-1>git commit -m
error: switch `m' requires a value

C:\source\codeworks\day-1>git commit -m "
Aborting commit due to empty commit message.

C:\source\codeworks\day-1>git commit -m "test"
[master (root-commit) e78cf91] test
 3 files changed, 63 insertions(+)
 create mode 100644 .vscode/settings.json
 create mode 100644 index.html
 create mode 100644 style.css

C:\source\codeworks\day-1>git push -u origin master
Enumerating objects: 6, done.
Counting objects: 100% (6/6), done.
Delta compression using up to 4 threads
Compressing objects: 100% (5/5), done.
Writing objects: 100% (6/6), 1.16 KiB | 169.00 KiB/s, done.
Total 6 (delta 0), reused 0 (delta 0)
To https://github.com/jshaworth1961/day1-JSHspring2020.git
 * [new branch]      master -> master
Branch 'master' set up to track remote branch 'master' from 'origin'.

C:\source\codeworks\day-1>











































































